D:\Hexalith.GitStorage\test\Hexalith.GitStorage.Tests\Domains\Aggregates\GitOrganizationTests.cs(53,37): error CS7036: Parmi les arguments spécifiés, aucun ne correspond au paramètre obligatoire 'GitAccountId' de 'GitOrganization.GitOrganization(string, string, string?, string, GitOrganizationVisibility, GitOrganizationOrigin, string?, GitOrganizationSyncStatus, DateTimeOffset?, string?, string?, bool)' [D:\Hexalith.GitStorage\test\Hexalith.GitStorage.Tests\Hexalith.GitStorage.Tests.csproj]
D:\Hexalith.GitStorage\test\Hexalith.GitStorage.Tests\Domains\Aggregates\GitOrganizationTests.cs(100,37): error CS7036: Parmi les arguments spécifiés, aucun ne correspond au paramètre obligatoire 'GitAccountId' de 'GitOrganization.GitOrganization(string, string, string?, string, GitOrganizationVisibility, GitOrganizationOrigin, string?, GitOrganizationSyncStatus, DateTimeOffset?, string?, string?, bool)' [D:\Hexalith.GitStorage\test\Hexalith.GitStorage.Tests\Hexalith.GitStorage.Tests.csproj]
D:\Hexalith.GitStorage\test\Hexalith.GitStorage.Tests\Domains\Aggregates\GitOrganizationTests.cs(124,37): error CS7036: Parmi les arguments spécifiés, aucun ne correspond au paramètre obligatoire 'GitAccountId' de 'GitOrganization.GitOrganization(string, string, string?, string, GitOrganizationVisibility, GitOrganizationOrigin, string?, GitOrganizationSyncStatus, DateTimeOffset?, string?, string?, bool)' [D:\Hexalith.GitStorage\test\Hexalith.GitStorage.Tests\Hexalith.GitStorage.Tests.csproj]
D:\Hexalith.GitStorage\test\Hexalith.GitStorage.Tests\Domains\Aggregates\GitOrganizationTests.cs(145,37): error CS7036: Parmi les arguments spécifiés, aucun ne correspond au paramètre obligatoire 'GitAccountId' de 'GitOrganization.GitOrganization(string, string, string?, string, GitOrganizationVisibility, GitOrganizationOrigin, string?, GitOrganizationSyncStatus, DateTimeOffset?, string?, string?, bool)' [D:\Hexalith.GitStorage\test\Hexalith.GitStorage.Tests\Hexalith.GitStorage.Tests.csproj]
D:\Hexalith.GitStorage\test\Hexalith.GitStorage.Tests\Domains\Aggregates\GitOrganizationTests.cs(163,37): error CS7036: Parmi les arguments spécifiés, aucun ne correspond au paramètre obligatoire 'GitAccountId' de 'GitOrganization.GitOrganization(string, string, string?, string, GitOrganizationVisibility, GitOrganizationOrigin, string?, GitOrganizationSyncStatus, DateTimeOffset?, string?, string?, bool)' [D:\Hexalith.GitStorage\test\Hexalith.GitStorage.Tests\Hexalith.GitStorage.Tests.csproj]
D:\Hexalith.GitStorage\test\Hexalith.GitStorage.Tests\Domains\Aggregates\GitOrganizationTests.cs(183,37): error CS7036: Parmi les arguments spécifiés, aucun ne correspond au paramètre obligatoire 'GitAccountId' de 'GitOrganization.GitOrganization(string, string, string?, string, GitOrganizationVisibility, GitOrganizationOrigin, string?, GitOrganizationSyncStatus, DateTimeOffset?, string?, string?, bool)' [D:\Hexalith.GitStorage\test\Hexalith.GitStorage.Tests\Hexalith.GitStorage.Tests.csproj]
D:\Hexalith.GitStorage\test\Hexalith.GitStorage.Tests\Domains\Aggregates\GitOrganizationTests.cs(201,37): error CS7036: Parmi les arguments spécifiés, aucun ne correspond au paramètre obligatoire 'GitAccountId' de 'GitOrganization.GitOrganization(string, string, string?, string, GitOrganizationVisibility, GitOrganizationOrigin, string?, GitOrganizationSyncStatus, DateTimeOffset?, string?, string?, bool)' [D:\Hexalith.GitStorage\test\Hexalith.GitStorage.Tests\Hexalith.GitStorage.Tests.csproj]
D:\Hexalith.GitStorage\test\Hexalith.GitStorage.Tests\Domains\Aggregates\GitOrganizationTests.cs(221,37): error CS7036: Parmi les arguments spécifiés, aucun ne correspond au paramètre obligatoire 'GitAccountId' de 'GitOrganization.GitOrganization(string, string, string?, string, GitOrganizationVisibility, GitOrganizationOrigin, string?, GitOrganizationSyncStatus, DateTimeOffset?, string?, string?, bool)' [D:\Hexalith.GitStorage\test\Hexalith.GitStorage.Tests\Hexalith.GitStorage.Tests.csproj]
D:\Hexalith.GitStorage\test\Hexalith.GitStorage.Tests\Domains\Aggregates\GitOrganizationTests.cs(239,37): error CS7036: Parmi les arguments spécifiés, aucun ne correspond au paramètre obligatoire 'GitAccountId' de 'GitOrganization.GitOrganization(string, string, string?, string, GitOrganizationVisibility, GitOrganizationOrigin, string?, GitOrganizationSyncStatus, DateTimeOffset?, string?, string?, bool)' [D:\Hexalith.GitStorage\test\Hexalith.GitStorage.Tests\Hexalith.GitStorage.Tests.csproj]
D:\Hexalith.GitStorage\test\Hexalith.GitStorage.Tests\Domains\Aggregates\GitOrganizationTests.cs(259,37): error CS7036: Parmi les arguments spécifiés, aucun ne correspond au paramètre obligatoire 'GitAccountId' de 'GitOrganization.GitOrganization(string, string, string?, string, GitOrganizationVisibility, GitOrganizationOrigin, string?, GitOrganizationSyncStatus, DateTimeOffset?, string?, string?, bool)' [D:\Hexalith.GitStorage\test\Hexalith.GitStorage.Tests\Hexalith.GitStorage.Tests.csproj]
D:\Hexalith.GitStorage\test\Hexalith.GitStorage.Tests\Domains\Aggregates\GitOrganizationTests.cs(295,37): error CS7036: Parmi les arguments spécifiés, aucun ne correspond au paramètre obligatoire 'GitAccountId' de 'GitOrganization.GitOrganization(string, string, string?, string, GitOrganizationVisibility, GitOrganizationOrigin, string?, GitOrganizationSyncStatus, DateTimeOffset?, string?, string?, bool)' [D:\Hexalith.GitStorage\test\Hexalith.GitStorage.Tests\Hexalith.GitStorage.Tests.csproj]
D:\Hexalith.GitStorage\test\Hexalith.GitStorage.Tests\Domains\Aggregates\GitOrganizationTests.cs(313,37): error CS7036: Parmi les arguments spécifiés, aucun ne correspond au paramètre obligatoire 'GitAccountId' de 'GitOrganization.GitOrganization(string, string, string?, string, GitOrganizationVisibility, GitOrganizationOrigin, string?, GitOrganizationSyncStatus, DateTimeOffset?, string?, string?, bool)' [D:\Hexalith.GitStorage\test\Hexalith.GitStorage.Tests\Hexalith.GitStorage.Tests.csproj]
D:\Hexalith.GitStorage\test\Hexalith.GitStorage.Tests\Domains\Aggregates\GitOrganizationTests.cs(329,37): error CS7036: Parmi les arguments spécifiés, aucun ne correspond au paramètre obligatoire 'GitAccountId' de 'GitOrganization.GitOrganization(string, string, string?, string, GitOrganizationVisibility, GitOrganizationOrigin, string?, GitOrganizationSyncStatus, DateTimeOffset?, string?, string?, bool)' [D:\Hexalith.GitStorage\test\Hexalith.GitStorage.Tests\Hexalith.GitStorage.Tests.csproj]
D:\Hexalith.GitStorage\test\Hexalith.GitStorage.Tests\Domains\Aggregates\GitOrganizationTests.cs(361,37): error CS7036: Parmi les arguments spécifiés, aucun ne correspond au paramètre obligatoire 'GitAccountId' de 'GitOrganization.GitOrganization(string, string, string?, string, GitOrganizationVisibility, GitOrganizationOrigin, string?, GitOrganizationSyncStatus, DateTimeOffset?, string?, string?, bool)' [D:\Hexalith.GitStorage\test\Hexalith.GitStorage.Tests\Hexalith.GitStorage.Tests.csproj]

ÉCHEC de la build.
    9 Avertissement(s)
    14 Erreur(s)

Temps écoulé 00:00:10.12
